// Jest Snapshot v1, https://goo.gl/fbAQLP

exports[`TodosContainer renders correctly with no props 1`] = `
<Fragment>
  <CreateTodo
    onCreateTodo={[Function]}
  />
  <Todos
    onDeleteTodo={[Function]}
    onSaveUpdatedTodo={[Function]}
    onToggleUpdate={[Function]}
    todos={Array []}
  />
</Fragment>
`;
